
> my-react-app@0.0.0 build
> vite build

[36mvite v7.3.1 [32mbuilding client environment for production...[36m[39m
transforming...
[32mΓ£ô[39m 67 modules transformed.
node.exe : [31mΓ£ù[39m Build failed in 50.95s
At line:1 char:1
+ & "C:\Program Files\nodejs/node.exe" "C:\Program Files\nodejs/node_mo ...
+ ~~~~~~~~~~~~~~~~~~~~~~~~~~~~~~~~~~~~~~~~~~~~~~~~~~~~~~~~~~~~~~~~~~~~~
    + CategoryInfo          : NotSpecified: ([31mΓ£ù[39m Build failed in 50.95s:String) [], RemoteException
    + FullyQualifiedErrorId : NativeCommandError
 
[31merror during build:
[31mCould not resolve "./Components/ModernFooter" from "src/Features/Marketting/ModernLanding/ModernLanding.jsx"[31m
file: [36mC:/Users/hp/Documents/web tuts/Tuts/html/Testing/Projects Test/Other Projects/React 
project/E-Commerce/src/Features/Marketting/ModernLanding/ModernLanding.jsx[31m
    at getRollupError (file:///C:/Users/hp/Documents/web%20tuts/Tuts/html/Testing/Projects%20Test/Other%20Projects/Reac
t%20project/E-Commerce/node_modules/rollup/dist/es/shared/parseAst.js:402:41)
    at error (file:///C:/Users/hp/Documents/web%20tuts/Tuts/html/Testing/Projects%20Test/Other%20Projects/React%20proje
ct/E-Commerce/node_modules/rollup/dist/es/shared/parseAst.js:398:42)
    at ModuleLoader.handleInvalidResolvedId (file:///C:/Users/hp/Documents/web%20tuts/Tuts/html/Testing/Projects%20Test
/Other%20Projects/React%20project/E-Commerce/node_modules/rollup/dist/es/shared/node-entry.js:21684:24)
    at ModuleLoader.resolveDynamicImport (file:///C:/Users/hp/Documents/web%20tuts/Tuts/html/Testing/Projects%20Test/Ot
her%20Projects/React%20project/E-Commerce/node_modules/rollup/dist/es/shared/node-entry.js:21744:58)
    at async file:///C:/Users/hp/Documents/web%20tuts/Tuts/html/Testing/Projects%20Test/Other%20Projects/React%20projec
t/E-Commerce/node_modules/rollup/dist/es/shared/node-entry.js:21628:32[39m
